WEB-FLAG-PATH<>flag_brasil.png
WEB-LANG-IDENTIFIER<>Português

COMMON-CURRENT-LANGUAGE-TOOLTIP<>Mudar idioma de visualização
COMMON-RETURN-TEXT<>Voltar
COMMON-RETURN-TOOLTIP<>Voltar para escolha de jogo
COMMON-LOGOUT-TOOLTIP<>Sair
COMMON-HELP-TEXT<>ajuda
COMMON-HELP-TOOLTIP<>Mostra tutorial da mecânica do jogo.
CHECKIN-INPUT-TOOLTIP<>Insira seu nome. Ele estará visível para os outros.<br/>Deve conter entre 6 e 36 caracteres.<br/>Pode conter apenas caracteres alfanuméricos.
CHECKIN-BUTTON-TOOLTIP<>Login.

CHECKIN-CARD-GAMENAME<>JOGO DA CERVEJA!
CHECKIN-ENTER-BUTTON<>Entrar
CHECKIN-TEXT-WARNING<>O nome já está sendo usado.
CHECKIN-TEXT-LABEL<>Nome...
CHECKIN-TEXT-ERROR<>Não é um Nome válido!

CHOOSE-ENTER-BUTTON<>Entrar
CHOOSE-PASSWORD-TEXT<>O jogo requer uma senha:
CHOOSE-PASSWORD-LABEL<>Senha...
CHOOSE-PASSWORD-WARNING<>Senha incorreta
CHOOSE-PASSWORD-ENTER<>Entrar
CHOOSE-PASSWORD-CLOSE<>Fechar
CHOOSE-GAMEROOM-TOOLTIP<>Entrar no jogo
CHOOSE-REPORTROOM-TOOLTIP<>Ver relatório
CHOOSE-PASSWORD-INPUT-TOOLTIP<>Digite a senha
CHOOSE-PASSWORD-BUTTON-ENTER-TOOLTIP<>Entrar no jogo
CHOOSE-PASSWORD-BUTTON-CANCEL-TOOLTIP<>Cancelar

WAIT-TITLE<>Esperando Jogadores
WAIT-RETAILER-TOOLTIP<>Varejista
WAIT-WHOLESALER-TOOLTIP<>Atacadista
WAIT-DISTRIBUTOR-TOOLTIP<>Distribuidor
WAIT-PRODUCER-TOOLTIP<>Fabricante

GAME-INFO-WEEKS<>Semana 
GAME-INFO-RETAILER<>Varejista: 
GAME-INFO-WHOLESALER<>Atacadista: 
GAME-INFO-DISTRIBUTOR<>Distribuidor: 
GAME-INFO-PRODUCER<>Fabricante: 
GAME-NAME-LABEL<>Nome: 
GAME-COST-LABEL<>Custo: 
GAME-STOCK-LABEL<>Estoque: 
GAME-DEBT-LABEL<>Entrega Pendente: 
GAME-LAST-REQUEST-LABEL<>Despacho esperado: 
GAME-LAST-REQUEST-LABEL-RETAILER<>Pedido do consumidor: 
GAME-INCOMING-HEADER-LABEL<>A caminho: 
GAME-INCOMING-HEADER-PRODUCER-LABEL<>Produzindo: 
GAME-INCOMING-WEEK-LABEL-INIT<> 
GAME-INCOMING-WEEK-LABEL-END<> semana: 
GAME-TABLE-NAME<>Histórico: 
GAME-TABLE-HEADER-SIZE<>14px;
GAME-TABLE-FUNCTION<>Função
GAME-TABLE-FUNCTION-TOOLTIP<>Papel do jogador. <br/>Em uma cadeia informada, terão vários papéis no histórico.
GAME-TABLE-WEEK<>Semana
GAME-TABLE-WEEK-TOOLTIP<>Semana da informação.
GAME-TABLE-INITIAL-STOCK<>Estoque inicial
GAME-TABLE-INITIAL-STOCK-TOOLTIP<>A soma do estoque final e do produto a caminho da semana anterior.
GAME-TABLE-RECEIVED-ORDER-RETAILER<>Pedido do consumidor
GAME-TABLE-RECEIVED-ORDER-RETAILER-TOOLTIP<>Pedido feito pelo seu cliente.
GAME-TABLE-RECEIVED-ORDER-WHOLESALER<>Pedido do varejista
GAME-TABLE-RECEIVED-ORDER-WHOLESALER-TOOLTIP<>Pedido feito pelo seu cliente.
GAME-TABLE-RECEIVED-ORDER-DISTRIBUTOR<>Pedido do atacadista
GAME-TABLE-RECEIVED-ORDER-DISTRIBUTOR-TOOLTIP<>Pedido feito pelo seu cliente.
GAME-TABLE-RECEIVED-ORDER-PRODUCER<>Pedido do distribuidor
GAME-TABLE-RECEIVED-ORDER-PRODUCER-TOOLTIP<>Pedido feito pelo seu cliente.
GAME-TABLE-PREVIOUSLY-PENDING-ORDERS<>Pedidos anteriores não atendidos
GAME-TABLE-PREVIOUSLY-PENDING-ORDERS-TOOLTIP<>Mantém registro dos pedidos pendentes, estes devem ser atendidos assim que possível.<br/>É o pedido pendente da semana anterior.
GAME-TABLE-EXPECTED-DELIVERY<>Despacho esperado
GAME-TABLE-EXPECTED-DELIVERY-TOOLTIP<>A soma do pedido recebido e dos pedidos pendentes anteriores.
GAME-TABLE-ACTUAL-DELIVERY<>Efetivamente despachado
GAME-TABLE-ACTUAL-DELIVERY-TOOLTIP<>Quantidade enviada. É o mínimo entre o estoque disponível e a entrega esperada.
GAME-TABLE-ACTUAL-DELIVERY-RETAILER<>Atendimento do consumidor
GAME-TABLE-ACTUAL-DELIVERY-RETAILER-TOOLTIP<>Quantidade vendida. É o mínimo entre o estoque disponível e o pedido do consumidor.
GAME-TABLE-UNFULFILLED-ORDER-THIS-WEEK<>Pedidos não atendidos na semana
GAME-TABLE-UNFULFILLED-ORDER-THIS-WEEK-TOOLTIP<>Se a entrega esperada não puder ser atendida, a quantidade faltante é registrada para a semana seguinte.
GAME-TABLE-UNFULFILLED-ORDER-THIS-WEEK-RETAILER<>Vendas perdidas
GAME-TABLE-UNFULFILLED-ORDER-THIS-WEEK-RETAILER-TOOLTIP<>O total de vendas perdidas na semana.
GAME-TABLE-FINAL-STOCK<>Estoque final
GAME-TABLE-FINAL-STOCK-TOOLTIP<>Inventário ao final da semana.
GAME-TABLE-CONFIRMED-DELIVERY-RETAILER<>Confirmação de expedição pelo atacadista
GAME-TABLE-CONFIRMED-DELIVERY-RETAILER-TOOLTIP<>A quantidade enviada pelo seu fornecedor.<br/>Qualquer montante faltante será enviado quando disponível.
GAME-TABLE-CONFIRMED-DELIVERY-WHOLESALER<>Confirmação de expedição pelo distribuidor
GAME-TABLE-CONFIRMED-DELIVERY-WHOLESALER-TOOLTIP<>A quantidade enviada pelo seu fornecedor.<br/>Qualquer montante faltante será enviado quando disponível.
GAME-TABLE-CONFIRMED-DELIVERY-DISTRIBUTOR<>Confirmação de expedição pelo fabricante
GAME-TABLE-CONFIRMED-DELIVERY-DISTRIBUTOR-TOOLTIP<>A quantidade enviada pelo seu fornecedor.<br/>Qualquer montante faltante será enviado quando disponível.
GAME-TABLE-CONFIRMED-DELIVERY-PRODUCER<>Não se Aplica
GAME-TABLE-CONFIRMED-DELIVERY-PRODUCER-TOOLTIP<>N/A
GAME-TABLE-COST-MISSING-DELIVERY<>Custo de não atendimento
GAME-TABLE-COST-MISSING-DELIVERY-TOOLTIP<>O custo de não atender aos pedidos desta semana.
GAME-TABLE-COST-STOCKING<>Custo de manter estoques
GAME-TABLE-COST-STOCKING-TOOLTIP<>Custo de armazenamento do inventário entre as semanas.
GAME-TABLE-PROFIT-SALE<>Lucro sobre vendas
GAME-TABLE-PROFIT-SALE-TOOLTIP<>A quantidade recebida pelas vendas da semana.
GAME-TABLE-TOTAL-COST<>Custo total
GAME-TABLE-TOTAL-COST-TOOLTIP<>O custo total da semana.<br/>É ou o custo de entrega atrasada ou o custo de estocagem.
GAME-TABLE-BALANCE<>Balanço
GAME-TABLE-BALANCE-TOOLTIP<>O lucro ou prejuízo na semana.<br/>É lucro sobre vendas menos o custo de estocagem e custo de entrega atrasada.
GAME-TABLE-INCOMMINGORDER<>Produto a caminho
GAME-TABLE-INCOMMINGORDER-TOOLTIP<>Produtos que estão a caminho.<br/>Quando o produto atingir o marco de 1 semana, será<br/>adicionado ao inventário no início da semana seguinte.
GAME-TABLE-INCOMMINGORDER-PRODUCER<>Produzindo
GAME-TABLE-INCOMMINGORDER-PRODUCER-TOOLTIP<>Produtos que estão sendo feitos.<br/>Quando o produto atingir o marco de 1 semana, será<br/>adicionado ao inventário no início da semana seguinte.
GAME-TABLE-INCOMMINGORDER-WEEK<> Semana
GAME-TABLE-REQUEST-RETAILER<>Pedido ao atacadista
GAME-TABLE-REQUEST-RETAILER-TOOLTIP<>Pedido feito ao fornecedor.
GAME-TABLE-REQUEST-WHOLESALER<>Pedido ao distribuidor
GAME-TABLE-REQUEST-WHOLESALER-TOOLTIP<>Pedido feito ao fornecedor.
GAME-TABLE-REQUEST-DISTRIBUTOR<>Pedido ao fabricante
GAME-TABLE-REQUEST-DISTRIBUTOR-TOOLTIP<>Pedido feito ao fornecedor.
GAME-TABLE-REQUEST-PRODUCER<>Quantidade produzida
GAME-TABLE-REQUEST-PRODUCER-TOOLTIP<>Quantidade que se iniciou a fabricação.<br/>É o seu pedido da semana.
GAME-TABLE-FUNC-CONSUMER<>Consumidor
GAME-TABLE-FUNC-RETAILER<>Varejista
GAME-TABLE-FUNC-WHOLESALER<>Atacadista
GAME-TABLE-FUNC-DISTRIBUTOR<>Distribuidor
GAME-TABLE-FUNC-PRODUCER<>Produtor
GAME-CONTROL-LABEL-ALLOW<>Pedido
GAME-CONTROL-LABEL-BLOCK<>Aguarde...
GAME-CONTROL-BUTTON<>Enviar
GAME-CONTROL-ERROR<>Não é um pedido válido!
GAME-CONTROL-INPUT-TOOLTIP<>Insira seu pedido
GAME-CONTROL-BUTTON-TOOLTIP<>Fazer pedido

GAME-TUTORIAL-HEADER-BEFORE-NAME<>Bem-vindo ao Jogo da Cerveja, 
GAME-TUTORIAL-HEADER-AFTER-NAME<>!
GAME-TUTORIAL-BODY1-BEFORE-PRODUCER-NAME<>Você vai fazer parte da cadeia de suprimentos deste nobre produto, composta pelo fabricante 
GAME-TUTORIAL-BODY1-BEFORE-DISTRIBUTOR-NAME<>, pelo distribuidor 
GAME-TUTORIAL-BODY1-BEFORE-WHOLESALER-NAME<>, pelo atacadista 
GAME-TUTORIAL-BODY1-BEFORE-RETAILER-NAME<> e pelo varejista 
GAME-TUTORIAL-BODY1-AFTER-RETAILER-NAME<>, todos interessados em garantir que o consumidor consiga ter acesso à sua cervejinha, ao menor custo possível.
GAME-TUTORIAL-BODY2-BEFORE-DURATION<>O jogo vai ocorrer por 
GAME-TUTORIAL-BODY2-BEFORE-INITIAL-STOCK<> rodadas, que aqui chamamos de semanas. Você vai começar com um estoque de 
GAME-TUTORIAL-BODY2-BEFORE-CLIENT<> cervejas. Seu cliente, o 
GAME-TUTORIAL-BODY2-AFTER-CLIENT<>, fará pedidos todas as semanas e você deverá atendê-los da melhor forma possível. Haverá contabilização do volume de pedido que você deixou de atender na semana. É claro que você nunca vai poder despachar uma quantidade superior de cerveja do que tem em estoque no momento.
GAME-TUTORIAL-BODY3-BEFORE-CLIENT<>Caso tenha deixado de atender o pedido do 
GAME-TUTORIAL-BODY3-AFTER-CLIENT<> (ou parte dele) na semana anterior, você continuará empenhado em tentar atendê-lo, adicionando a quantidade já devida ao que o cliente pediu essa semana. Não se preocupe, o programa calcula isso automaticamente para você.
GAME-TUTORIAL-BODY4-BEFORE-STOCK-COST<>Você pode incorrer em dois tipos distintos de custos, que jamais ocorrem simultaneamente: nas semanas em que sobrar estoque, você terá custos de manutenção de estoque, que, para os fins da simulação, são equivalentes a [
GAME-TUTORIAL-BODY4-BEFORE-MISSING-COST<> x quantidade em estoque no fim da semana]. No caso de não ter conseguido atender à demanda, o custo será de [
GAME-TUTORIAL-BODY4-AFTER-MISSING-COST<> x a quantidade que deixou de ser atendida].
GAME-TUTORIAL-BODY5-BEFORE-ALL-MESSAGE<>Com base em sua estratégia de manutenção de estoques (baixos o suficiente para que os custos de manutenção de estoques seja o menor possível, mas altos o suficiente para não incorrer em custos elevados de não atendimento), você 
GAME-TUTORIAL-BODY5-BEFORE-NOT-PRODUCER-MESSAGE<> 
GAME-TUTORIAL-BODY5-NOT-PRODUCER-MESSAGE-BEFORE-DELAY<>fará os seus pedidos ao seu fornecedor. Assim que você fizer o seu pedido, vai receber uma confirmação da quantidade que o fornecedor está efetivamente despachando, afinal, ele vai confirmar o envio apenas do que tiver em estoque. O restante será enviado posteriormente. Lembre-se que entre o despacho pelo seu fornecedor e a incorporação ao seu estoque decorrerá um lead time de 
GAME-TUTORIAL-BODY5-NOT-PRODUCER-MESSAGE-BEFORE-INCOMMING<>. Para que, no iníco do jogo, você não tenha que ficar esperando muito tempo antes de receber alguma cerveja do seu fornecedor, gentilmente, já pré-agendamos o envio de alguma mercadoria que está a caminho. Você vai receber 
GAME-TUTORIAL-BODY5-NOT-PRODUCER-MESSAGE-BEFORE-DELAY2<> cervejas por semana ao longo das próximas 
GAME-TUTORIAL-BODY5-NOT-PRODUCER-MESSAGE-AFTER-DELAY2<> semanas, antes que os pedidos que você mesmo realizar comecem a chegar, tá?
GAME-TUTORIAL-BODY5-AFTER-NOT-PRODUCER-MESSAGE<> 
GAME-TUTORIAL-BODY5-BEFORE-PRODUCER-MESSAGE<> 
GAME-TUTORIAL-BODY5-PRODUCER-MESSAGE-BEFORE-DELAY<>tomará a decisão de quanto produzir. O processo de fabricação e fermentação da cerveja demora 
GAME-TUTORIAL-BODY5-PRODUCER-MESSAGE-BEFORE-INCOMMING<> semanas, de modo que só depois desse período o produto estará disponível no estoque para enviar aos seus clientes. Mas, para que você tenha alguma cerveja ficando pronta durante as primeiras semanas do jogo, fizemos a gentileza de já deixar alguma cerveja fermentando, de modo que 
GAME-TUTORIAL-BODY5-PRODUCER-MESSAGE-BEFORE-DELAY2<> cervejas vão ser incorporadas ao seu estoque por semana, ao longo das próximas 
GAME-TUTORIAL-BODY5-PRODUCER-MESSAGE-AFTER-DELAY2<> semanas, antes que as suas próprias ordens de produção comecem a ficar prontas, tá?
GAME-TUTORIAL-BODY5-AFTER-PRODUCER-MESSAGE<> 
GAME-TUTORIAL-BODY5-AFTER-ALL-MESSAGE<> 
GAME-TUTORIAL-FOOTER<>Bom jogo pra você! Divirta-se!
GAME-TUTORIAL-BUTTON-LABEL<>Entendi
GAME-TUTORIAL-CONSUMER<>consumidor
GAME-TUTORIAL-RETAILER<>varejista
GAME-TUTORIAL-WHOLESALER<>atacadista
GAME-TUTORIAL-DISTRIBUTOR<>distribuidor
GAME-TUTORIAL-PRODUCER<>fabricante

REPORT-INFO-NAME<>Nome:
REPORT-INFO-TYPE<>Tipo:
REPORT-TYPE-INFORMED<>Informada
REPORT-TYPE-NOTINFORMED<>Não informada
REPORT-INFO-STOCKCOST<>Custo de estocagem:
REPORT-INFO-MISSINGCOST<>Custo de não entrega:
REPORT-INFO-SALEPROFIT<>Lucro:
REPORT-INFO-DELIVERYDELAY<>Tempo de entrega:
REPORT-INFO-INFDURATION<>Semanas informadas:
REPORT-INFO-REALDURATION<>Total de semanas:
REPORT-INFO-RETAILER<>Varejista
REPORT-INFO-WHOLESALER<>Atacadista
REPORT-INFO-DISTRIBUTOR<>Distribuidor
REPORT-INFO-PRODUCER<>Fabricante
REPORT-NAME-LABEL<>Nome:
REPORT-COST-LABEL<>Custo:
REPORT-STOCK-LABEL<>Estoque:

CHART-ORDER-TITLE<>Pedidos
CHART-ORDER-LABEL-X-AXIS<>Semanas
CHART-ORDER-LABEL-Y-AXIS<>Unidades
CHART-ORDER-FUNCTION-0<>Consumidor
CHART-ORDER-FUNCTION-1<>Varejista
CHART-ORDER-FUNCTION-2<>Atacadista
CHART-ORDER-FUNCTION-3<>Distribuidor
CHART-ORDER-FUNCTION-4<>Fabricante
CHART-STOCK-TITLE<>Estoque
CHART-STOCK-LABEL-X-AXIS<>Semanas
CHART-STOCK-LABEL-Y-AXIS<>Unidades
CHART-STOCK-FUNCTION-0<>Consumidor
CHART-STOCK-FUNCTION-1<>Varejista
CHART-STOCK-FUNCTION-2<>Atacadista
CHART-STOCK-FUNCTION-3<>Distribuidor
CHART-STOCK-FUNCTION-4<>Fabricante