WEB-FLAG-PATH<>flag_usa.png
WEB-LANG-IDENTIFIER<>English

COMMON-LOGOUT-TOOLTIP<>Exit

CHECKIN-CARD-GAMENAME<>BEER GAME!
CHECKIN-ENTER-BUTTON<>Join
CHECKIN-TEXT-WARNING<>This name is already in use!
CHECKIN-TEXT-LABEL<>Nickname...
CHECKIN-TEXT-ERROR<>Invalid name!

CHOOSE-ENTER-BUTTON<>Join
CHOOSE-PASSWORD-TEXT<>This game requires a password:
CHOOSE-PASSWORD-LABEL<>Password...
CHOOSE-PASSWORD-WARNING<>Incorrect password
CHOOSE-PASSWORD-ENTER<>Join
CHOOSE-PASSWORD-CLOSE<>Close

WAIT-TITLE<>Waiting players

GAME-INFO-WEEKS<>Week
GAME-INFO-RETAILER<>Retailer
GAME-INFO-WHOLESALER<>Wholesaler
GAME-INFO-DISTRIBUTOR<>Distributor
GAME-INFO-PRODUCER<>Producer
GAME-NAME-LABEL<>Name:
GAME-COST-LABEL<>Cost:
GAME-STOCK-LABEL<>Stock:
GAME-TABLE-NAME<>History:
GAME-TABLE-FUNCTION<>Role
GAME-TABLE-WEEK<>Week
GAME-TABLE-STOCK<>Stock
GAME-TABLE-PROFIT<>Balance
GAME-TABLE-INCOMMINGORDER<>Incoming products
GAME-TABLE-REQUEST<>Demand
GAME-TABLE-FUNC-CONSUMER<>Consumer
GAME-TABLE-FUNC-RETAILER<>Retailer
GAME-TABLE-FUNC-WHOLESALER<>Wholesaler
GAME-TABLE-FUNC-DISTRIBUTOR<>Distributor
GAME-TABLE-FUNC-PRODUCER<>Producer
GAME-CONTROL-LABEL-ALLOW<>Demand
GAME-CONTROL-LABEL-BLOCK<>Wait for your turn...
GAME-CONTROL-BUTTON<>Request
GAME-CONTROL-ERROR<>It's not a valid request!

REPORT-INFO-NAME<>Name:
REPORT-INFO-TYPE<>Type:
REPORT-TYPE-INFORMED<>Informed
REPORT-TYPE-NOTINFORMED<>Not informed
REPORT-INFO-STOCKCOST<>Stock unit cost:
REPORT-INFO-MISSINGCOST<>Missing unit cost:
REPORT-INFO-SALEPROFIT<>Profit:
REPORT-INFO-DELIVERYDELAY<>Delivery time:
REPORT-INFO-INFDURATION<>Informed duration:
REPORT-INFO-REALDURATION<>Real duration:
REPORT-INFO-RETAILER<>Retailer
REPORT-INFO-WHOLESALER<>Wholesaler
REPORT-INFO-DISTRIBUTOR<>Distributor
REPORT-INFO-PRODUCER<>Producer
REPORT-NAME-LABEL<>Name:
REPORT-COST-LABEL<>Cost:
REPORT-STOCK-LABEL<>Stock: