WEB-FLAG-PATH<>flag_usa.png
WEB-LANG-IDENTIFIER<>English

COMMON-CURRENT-LANGUAGE-TOOLTIP<>Change display language
COMMON-RETURN-TEXT<>Return
COMMON-RETURN-TOOLTIP<>Return to game selection
COMMON-LOGOUT-TOOLTIP<>Exit
CHECKIN-INPUT-TOOLTIP<>Enter your name. It will be visible for others.<br/>Must be between 6 and 36 characters long.<br/>Must be only alphanumeric.
CHECKIN-BUTTON-TOOLTIP<>Login.

CHECKIN-CARD-GAMENAME<>BEER GAME!
CHECKIN-ENTER-BUTTON<>Join
CHECKIN-TEXT-WARNING<>This name is already in use!
CHECKIN-TEXT-LABEL<>Nickname...
CHECKIN-TEXT-ERROR<>Invalid name!

CHOOSE-ENTER-BUTTON<>Join
CHOOSE-PASSWORD-TEXT<>This game requires a password:
CHOOSE-PASSWORD-LABEL<>Password...
CHOOSE-PASSWORD-WARNING<>Incorrect password
CHOOSE-PASSWORD-ENTER<>Join
CHOOSE-PASSWORD-CLOSE<>Close
CHOOSE-GAMEROOM-TOOLTIP<>Join this game
CHOOSE-REPORTROOM-TOOLTIP<>View this report
CHOOSE-PASSWORD-INPUT-TOOLTIP<>Enter game password
CHOOSE-PASSWORD-BUTTON-ENTER-TOOLTIP<>Join game
CHOOSE-PASSWORD-BUTTON-CANCEL-TOOLTIP<>Cancel

WAIT-TITLE<>Waiting players
WAIT-RETAILER-TOOLTIP<>Retailer
WAIT-WHOLESALER-TOOLTIP<>Wholesaler
WAIT-DISTRIBUTOR-TOOLTIP<>Distributor
WAIT-PRODUCER-TOOLTIP<>Producer

GAME-INFO-WEEKS<>Week
GAME-INFO-RETAILER<>Retailer
GAME-INFO-WHOLESALER<>Wholesaler
GAME-INFO-DISTRIBUTOR<>Distributor
GAME-INFO-PRODUCER<>Producer
GAME-NAME-LABEL<>Name:
GAME-COST-LABEL<>Cost:
GAME-STOCK-LABEL<>Stock:
GAME-DEBT-LABEL<>Pending Delivery:
GAME-LAST-REQUEST-LABEL<>Last <br/>order received:
GAME-TABLE-NAME<>History:
GAME-TABLE-FUNCTION<>Role
GAME-TABLE-WEEK<>Week
GAME-TABLE-STOCK<>Stock
GAME-TABLE-PROFIT<>Balance
GAME-TABLE-INCOMMINGORDER<>Incoming products
GAME-TABLE-REQUEST<>Demand
GAME-TABLE-FUNC-CONSUMER<>Consumer
GAME-TABLE-FUNC-RETAILER<>Retailer
GAME-TABLE-FUNC-WHOLESALER<>Wholesaler
GAME-TABLE-FUNC-DISTRIBUTOR<>Distributor
GAME-TABLE-FUNC-PRODUCER<>Producer
GAME-CONTROL-LABEL-ALLOW<>Demand
GAME-CONTROL-LABEL-BLOCK<>Wait for your turn...
GAME-CONTROL-BUTTON<>Request
GAME-CONTROL-ERROR<>It's not a valid request!
GAME-CONTROL-INPUT-TOOLTIP<>Enter your order
GAME-CONTROL-BUTTON-TOOLTIP<>Make order

REPORT-INFO-NAME<>Name:
REPORT-INFO-TYPE<>Type:
REPORT-TYPE-INFORMED<>Informed
REPORT-TYPE-NOTINFORMED<>Not informed
REPORT-INFO-STOCKCOST<>Stock unit cost:
REPORT-INFO-MISSINGCOST<>Missing unit cost:
REPORT-INFO-SALEPROFIT<>Profit:
REPORT-INFO-DELIVERYDELAY<>Delivery time:
REPORT-INFO-INFDURATION<>Informed duration:
REPORT-INFO-REALDURATION<>Real duration:
REPORT-INFO-RETAILER<>Retailer
REPORT-INFO-WHOLESALER<>Wholesaler
REPORT-INFO-DISTRIBUTOR<>Distributor
REPORT-INFO-PRODUCER<>Producer
REPORT-NAME-LABEL<>Name:
REPORT-COST-LABEL<>Cost:
REPORT-STOCK-LABEL<>Stock:

CHART-ORDER-TITLE<>Orders
CHART-ORDER-LABEL-X-AXIS<>Weeks
CHART-ORDER-LABEL-Y-AXIS<>Units
CHART-ORDER-FUNCTION-0<>Consumer
CHART-ORDER-FUNCTION-1<>Retailer
CHART-ORDER-FUNCTION-2<>Wholesaler
CHART-ORDER-FUNCTION-3<>Distributor
CHART-ORDER-FUNCTION-4<>Producer
CHART-STOCK-TITLE<>Stock
CHART-STOCK-LABEL-X-AXIS<>Weeks
CHART-STOCK-LABEL-Y-AXIS<>Units
CHART-STOCK-FUNCTION-0<>Consumer
CHART-STOCK-FUNCTION-1<>Retailer
CHART-STOCK-FUNCTION-2<>Wholesaler
CHART-STOCK-FUNCTION-3<>Distributor
CHART-STOCK-FUNCTION-4<>Producer