WEB-FLAG-PATH<>flag_usa.png
WEB-LANG-IDENTIFIER<>English

COMMON-LOGOUT-TOOLTIP<>Sair

CHECKIN-CARD-GAMENAME<>JOGO DA CERVEJA!
CHECKIN-ENTER-BUTTON<>Entrar
CHECKIN-TEXT-WARNING<>O nome já está sendo usado.
CHECKIN-TEXT-LABEL<>Apelido...
CHECKIN-TEXT-ERROR<>Não é um nome válido!

CHOOSE-ENTER-BUTTON<>Entrar
CHOOSE-PASSWORD-TEXT<>O jogo requer uma senha:
CHOOSE-PASSWORD-LABEL<>Senha...
CHOOSE-PASSWORD-WARNING<>Senha não confere
CHOOSE-PASSWORD-ENTER<>Entrar
CHOOSE-PASSWORD-CLOSE<>Fechar

WAIT-TITLE<>Esperando Jogadores

GAME-INFO-WEEKS<>Semana 
GAME-INFO-RETAILER<>Retailer
GAME-INFO-WHOLESALER<>Wholesaler
GAME-INFO-DISTRIBUTOR<>Distributor
GAME-INFO-PRODUCER<>Producer
GAME-NAME-LABEL<>Nome:
GAME-COST-LABEL<>Custo:
GAME-STOCK-LABEL<>Estoque:
GAME-TABLE-NAME<>Histórico:
GAME-TABLE-FUNCTION<>Histórico:
GAME-TABLE-WEEK<>Histórico:
GAME-TABLE-STOCK<>Histórico:
GAME-TABLE-PROFIT<>Histórico:
GAME-TABLE-INCOMMINGORDER<>Histórico:
GAME-TABLE-DEMAND<>Histórico:
GAME-CONTROL-LABEL-ALLOW<>Pedido
GAME-CONTROL-LABEL-BLOCK<>Pedido
GAME-CONTROL-BUTTON<>Enviar Pedido
GAME-CONTROL-ERROR<>Não é um pedido válido!

REPORT-INFO-NAME<>Nome: 
REPORT-INFO-TYPE<>Tipo: 
REPORT-TYPE-INFORMED<>Informada
REPORT-TYPE-NOTINFORMED<>Não Informada
REPORT-INFO-STOCKCOST<>Custo Armazenamento: 
REPORT-INFO-MISSINGCOST<>Custo de Não Entrega: 
REPORT-INFO-SALEPROFIT<>Lucro Sobre Venda: 
REPORT-INFO-DELIVERYDELAY<>Tempo de Entrega: 
REPORT-INFO-INFDURATION<>Semanas Informadas: 
REPORT-INFO-REALDURATION<>Total de Semanas: 
REPORT-INFO-RETAILER<>Retailer
REPORT-INFO-WHOLESALER<>Wholesaler
REPORT-INFO-DISTRIBUTOR<>Distributor
REPORT-INFO-PRODUCER<>Producer
REPORT-NAME-LABEL<>Nome: 
REPORT-COST-LABEL<>Custo: 
REPORT-STOCK-LABEL<>Estoque: 