WEB-FLAG-PATH<>flag_brasil.png
WEB-LANG-IDENTIFIER<>Português

COMMON-CURRENT-LANGUAGE-TOOLTIP<>Mudar idioma de visualização
COMMON-RETURN-TEXT<>Voltar
COMMON-RETURN-TOOLTIP<>Voltar para escolha de jogo
COMMON-LOGOUT-TOOLTIP<>Sair
CHECKIN-INPUT-TOOLTIP<>Insira seu nome. Ele estará visível para os outros.<br/>Deve conter entre 6 e 36 caracteres.<br/>Pode conter apenas caracteres alfanuméricos.
CHECKIN-BUTTON-TOOLTIP<>Login.

CHECKIN-CARD-GAMENAME<>JOGO DA CERVEJA!
CHECKIN-ENTER-BUTTON<>Entrar
CHECKIN-TEXT-WARNING<>O nome já está sendo usado.
CHECKIN-TEXT-LABEL<>Nome...
CHECKIN-TEXT-ERROR<>Não é um Nome válido!

CHOOSE-ENTER-BUTTON<>Entrar
CHOOSE-PASSWORD-TEXT<>O jogo requer uma senha:
CHOOSE-PASSWORD-LABEL<>Senha...
CHOOSE-PASSWORD-WARNING<>Senha incorreta
CHOOSE-PASSWORD-ENTER<>Entrar
CHOOSE-PASSWORD-CLOSE<>Fechar
CHOOSE-GAMEROOM-TOOLTIP<>Entrar no jogo
CHOOSE-REPORTROOM-TOOLTIP<>Ver relatório
CHOOSE-PASSWORD-INPUT-TOOLTIP<>Digite a senha
CHOOSE-PASSWORD-BUTTON-ENTER-TOOLTIP<>Entrar no jogo
CHOOSE-PASSWORD-BUTTON-CANCEL-TOOLTIP<>Cancelar

WAIT-TITLE<>Esperando Jogadores
WAIT-RETAILER-TOOLTIP<>Varejista
WAIT-WHOLESALER-TOOLTIP<>Atacadista
WAIT-DISTRIBUTOR-TOOLTIP<>Distribuidor
WAIT-PRODUCER-TOOLTIP<>Fabricante

GAME-INFO-WEEKS<>Semana
GAME-INFO-RETAILER<>Varejista
GAME-INFO-WHOLESALER<>Atacadista
GAME-INFO-DISTRIBUTOR<>Distribuidor
GAME-INFO-PRODUCER<>Fabricante
GAME-NAME-LABEL<>Nome:
GAME-COST-LABEL<>Custo:
GAME-STOCK-LABEL<>Estoque:
GAME-DEBT-LABEL<>Entrega Pendente:
GAME-LAST-REQUEST-LABEL<>Último <br/>pedido recebido:
GAME-TABLE-NAME<>Histórico:
GAME-TABLE-FUNCTION<>Função
GAME-TABLE-WEEK<>Semana
GAME-TABLE-STOCK<>Estoque
GAME-TABLE-PROFIT<>Balanço
GAME-TABLE-INCOMMINGORDER<>Produto a caminho
GAME-TABLE-REQUEST<>Pedido
GAME-TABLE-FUNC-CONSUMER<>Consumidor
GAME-TABLE-FUNC-RETAILER<>Varejista
GAME-TABLE-FUNC-WHOLESALER<>Atacadista
GAME-TABLE-FUNC-DISTRIBUTOR<>Distribuidor
GAME-TABLE-FUNC-PRODUCER<>Produtor
GAME-CONTROL-LABEL-ALLOW<>Pedido
GAME-CONTROL-LABEL-BLOCK<>Aguarde seu turno...
GAME-CONTROL-BUTTON<>Enviar pedido
GAME-CONTROL-ERROR<>Não é um pedido válido!
GAME-CONTROL-INPUT-TOOLTIP<>Insira seu pedido
GAME-CONTROL-BUTTON-TOOLTIP<>Fazer pedido

REPORT-INFO-NAME<>Nome:
REPORT-INFO-TYPE<>Tipo:
REPORT-TYPE-INFORMED<>Informada
REPORT-TYPE-NOTINFORMED<>Não informada
REPORT-INFO-STOCKCOST<>Custo de estocagem:
REPORT-INFO-MISSINGCOST<>Custo de não entrega:
REPORT-INFO-SALEPROFIT<>Lucro:
REPORT-INFO-DELIVERYDELAY<>Tempo de entrega:
REPORT-INFO-INFDURATION<>Semanas informadas:
REPORT-INFO-REALDURATION<>Total de semanas:
REPORT-INFO-RETAILER<>Varejista
REPORT-INFO-WHOLESALER<>Atacadista
REPORT-INFO-DISTRIBUTOR<>Distribuidor
REPORT-INFO-PRODUCER<>Fabricante
REPORT-NAME-LABEL<>Nome:
REPORT-COST-LABEL<>Custo:
REPORT-STOCK-LABEL<>Estoque:

CHART-ORDER-TITLE<>Pedidos
CHART-ORDER-LABEL-X-AXIS<>Semanas
CHART-ORDER-LABEL-Y-AXIS<>Unidades
CHART-ORDER-FUNCTION-0<>Consumidor
CHART-ORDER-FUNCTION-1<>Varejista
CHART-ORDER-FUNCTION-2<>Atacadista
CHART-ORDER-FUNCTION-3<>Distribuidor
CHART-ORDER-FUNCTION-4<>Fabricante
CHART-STOCK-TITLE<>Estoque
CHART-STOCK-LABEL-X-AXIS<>Semanas
CHART-STOCK-LABEL-Y-AXIS<>Unidades
CHART-STOCK-FUNCTION-0<>Consumidor
CHART-STOCK-FUNCTION-1<>Varejista
CHART-STOCK-FUNCTION-2<>Atacadista
CHART-STOCK-FUNCTION-3<>Distribuidor
CHART-STOCK-FUNCTION-4<>Fabricante