GUI-FRAME-NAME<>The Beer Game - UTFPR
GUI-LABEL-AWAIT-START<><html>Please, await game initialization.<br/>It should take only a few seconds.</html>
GUI-ICON-HOME-TAB<>icon//home.png
GUI-ICON-PLUS-TAB<>icon//plus.png
DEFAULT-GAME-NAME<>Untitled Game
GUI-LABEL-CREATEGAME-NAME<>Game Name
GUI-LABEL-CREATEGAME-PASSWORD-FIELD<>Password:
GUI-LABEL-CREATEGAME-PASSWORD-CHECK<>Use Password?
GUI-LABEL-CREATEGAME-MISSING-UNIT-COST<>Missing Unit Cost:
GUI-LABEL-CREATEGAME-STOCK-UNIT-COST<>Stock Unit Cost:
GUI-LABEL-CREATEGAME-SELLING-PROFFIT<>Selling Unit Proffit:
GUI-LABEL-CREATEGAME-REAL-DURATION<>Duration in Weeks:
GUI-LABEL-CREATEGAME-INFORMED-DURATION<>Informed Duration in Weeks:
GUI-LABEL-CREATEGAME-DEMAND<>Demand Profile:
GUI-LABEL-CREATEGAME-INFORMED_SUPPLYCHAIN<>Informed Supply Chain?
GUI-LABEL-CREATEGAME-DELIVERY-DELAY<>Delivery Delay:
GUI-LABEL-CREATEGAME-INITIAL-STOCK<>Initial Stock:
GUI-TITLE-CREATEGAME-SECURITY-BORDER<>Security
GUI-TITLE-CREATEGAME-DEMAND-BORDER<>Demand
GUI-TITLE-CREATEGAME-COSTS-BORDER<>Cost/Proffit
GUI-TITLE-CREATEGAME-DURATION-BORDER<>Duration
GUI-TITLE-CREATEGAME-SUPPLYCHAIN-BORDER<>Supply Chain Topology
GUI-WARNING-CREATEGAME-FAILED<>It was not possible to create a new game. \n We apologize for the inconvenience. \n If the problem persists, contact the developers.
GUI-WARNING-CREATEGAME-FAILED-TITLE<>Error while creating a new game
GUI-ICON-RELOAD-BUTTON<>icon//reload_icon.png
GUI-ICON-DELETE-BUTTON<>icon//trash_icon.png
GUI-ICON-CONFIRM-BUTTON<>icon//whitecheckmark.png
GUI-ICON-CANCEL-BUTTON<>icon//white-close-70.png
DEMAND-PARAM-SINGLESTEP-INITIAL-VALUE<>Starting demand value:
DEMAND-PARAM-SINGLESTEP-FINAL-VALUE<>Final demand value:
DEMAND-PARAM-SINGLESTEP-STEP-CHANGE-WEEK<>Week of change:
DEMAND-PARAM-SINGLESTEP-FINAL-WEEK<>Duration:
DEMAND-TYPE-SINGLESTEP<>Single Step
SUPPLYCHAIN-TYPE-CLASSIC<>Classic Supply-Chain
GUI-ICON-RETAILER<>icon//retailer.png
GUI-ICON-WHOLESALER<>icon//wholesaler.png
GUI-ICON-DISTRIBUTOR<>icon//distributor.png
GUI-ICON-PRODUCER<>icon//Industry.png