HOST-FLAG-PATH<>/edu/utfpr/ct/webclient/webapp/resources/flags/flag_brasil.png
HOST-LANG-IDENTIFIER<>Português
GUI-FRAME-NAME<>Jogo da Cerveja - UTFPR
GUI-LABEL-AWAIT-START<><html>Por favor, Aguarde a inicialização do jogo.<br/>Deve levar apenas alguns segundos.</html>
GUI-ICON-HOME-TAB<>icon//home.png
GUI-ICON-PLUS-TAB<>icon//plus.png
DEFAULT-GAME-NAME<>Jogo Sem Nome
GUI-LABEL-CREATEGAME-NAME<>Nome do jogo
GUI-LABEL-CREATEGAME-PASSWORD-FIELD<>Senha:
GUI-LABEL-CREATEGAME-PASSWORD-CHECK<>Usar Senha?
GUI-LABEL-CREATEGAME-MISSING-UNIT-COST<>Custo de Unidade Perdida:
GUI-LABEL-CREATEGAME-STOCK-UNIT-COST<>Custo de Unidade em Estoque:
GUI-LABEL-CREATEGAME-SELLING-PROFFIT<>Lucro de Venda de Unidade:
GUI-LABEL-CREATEGAME-REAL-DURATION<>Duração em Semanas:
GUI-LABEL-CREATEGAME-INFORMED-DURATION<>Duração Informada em Semanas:
GUI-LABEL-CREATEGAME-DEMAND<>Perfil de Demanda:
GUI-LABEL-CREATEGAME-INFORMED_SUPPLYCHAIN<>Cadeia Informada?
GUI-LABEL-CREATEGAME-DELIVERY-DELAY<>Atraso na Entrega:
GUI-LABEL-CREATEGAME-INITIAL-STOCK<>Estoque Inicial:
GUI-TITLE-CREATEGAME-SECURITY-BORDER<>Security
GUI-TITLE-CREATEGAME-DEMAND-BORDER<>Demand
GUI-TITLE-CREATEGAME-COSTS-BORDER<>Cost/Proffit
GUI-TITLE-CREATEGAME-DURATION-BORDER<>Duration
GUI-TITLE-CREATEGAME-SUPPLYCHAIN-BORDER<>Supply Chain Topology
GUI-WARNING-CREATEGAME-FAILED<>It was not possible to create a new game. \n We apologize for the inconvenience. \n If the problem persists, contact the developers.
GUI-WARNING-CREATEGAME-FAILED-TITLE<>Error while creating a new game
GUI-ICON-RELOAD-BUTTON<>icon//reload_icon.png
GUI-ICON-TRASH-BUTTON<>icon//trash_icon.png
GUI-ICON-CONFIRM-BUTTON<>icon//whitecheckmark.png
GUI-ICON-CANCEL-BUTTON<>icon//white-close-70.png
GUI-ICON-DELETE-BUTTON<>icon//trash_icon.png
GUI-ICON-VIEW-BUTTON<>icon//view-file-20.png
GUI-ICON-RELOAD-BUTTON<>icon//reload_icon.png
GUI-ICON-LOCKED-BUTTON<>icon//close-lock-20.png
GUI-ICON-UNLOCKED-BUTTON<>icon//open-lock-20.png
GUI-ICON-ADVANCED-BUTTON<>icon//adv-icon.png
GUI-ICON-PLAY-BUTTON<>icon//play-icon.png
GUI-ICON-PAUSE-BUTTON<>icon//pause-icon.png
GUI-ICON-WEBREPORT-BUTTON<>icon//web-icon.png
DEMAND-PARAM-SINGLESTEP-INITIAL-VALUE<>Starting demand value:
DEMAND-PARAM-SINGLESTEP-FINAL-VALUE<>Final demand value:
DEMAND-PARAM-SINGLESTEP-STEP-CHANGE-WEEK<>Week of change:
DEMAND-PARAM-SINGLESTEP-FINAL-WEEK<>Duration:
DEMAND-TYPE-SINGLESTEP<>Single Step
DEMAND-TYPE-UNKNOWN<>Unknown
SUPPLYCHAIN-TYPE-CLASSIC<>Classic Supply-Chain
SUPPLYCHAIN-TYPE-UNKNOWN<>Unknown
GUI-ICON-RETAILER<>icon//retailer.png
GUI-ICON-WHOLESALER<>icon//wholesaler.png
GUI-ICON-DISTRIBUTOR<>icon//distributor.png
GUI-ICON-PRODUCER<>icon//Industry.png
TITLE-REPORT-GENERAL-TAB<>General
TITLE-REPORT-RETAILER-TAB<>Retailer
TITLE-REPORT-WHOLESALER-TAB<>Wholesaler
TITLE-REPORT-DISTRIBUTOR-TAB<>Distributor
TITLE-REPORT-PRODUCER-TAB<>Producer
TITLE-REPORT-UNKNOWN-TAB<>Unknown
TOOLTIP-MAINSCENE-HOME-TAB<>Home screen
TOOLTIP-MAINSCENE-CREATE-GAME-TAB<>Create new game
TOOLTIP-GAME-COMPONENT-LOAD-GAME<>Load game
TOOLTIP-GAME-COMPONENT-LOAD-REPO<>Load report
TOOLTIP-GAME-COMPONENT-REMOVE-GAME<>Delete game
TOOLTIP-GAME-COMPONENT-REMOVE-REPO<>Delete report