HOST-FLAG-PATH<>/edu/utfpr/ct/webclient/webapp/resources/flags/flag_brasil.png
HOST-LANG-IDENTIFIER<>Português
GUI-FRAME-NAME<>Jogo da Cerveja - UTFPR
GUI-LABEL-AWAIT-START<><html>Por favor, aguarde a inicialização do jogo.<br/>Deve levar apenas alguns segundos.</html>
GUI-ICON-HOME-TAB<>icon//home.png
GUI-ICON-PLUS-TAB<>icon//plus.png
DEFAULT-GAME-NAME<>Jogo sem nome
GUI-LABEL-CREATEGAME-NAME<>Nome do jogo
GUI-LABEL-CREATEGAME-PASSWORD-FIELD<>Senha:
GUI-LABEL-CREATEGAME-PASSWORD-CHECK<>Usar senha?
GUI-LABEL-CREATEGAME-MISSING-UNIT-COST<>Custo de unidade perdida:
GUI-LABEL-CREATEGAME-STOCK-UNIT-COST<>Custo da unidade em estoque:
GUI-LABEL-CREATEGAME-SELLING-PROFFIT<>Lucro da venda da unidade:
GUI-LABEL-CREATEGAME-REAL-DURATION<>Duração em semanas:
GUI-LABEL-CREATEGAME-INFORMED-DURATION<>Duração informada em semanas:
GUI-LABEL-CREATEGAME-DEMAND<>Perfil de demanda:
GUI-LABEL-CREATEGAME-INFORMED_SUPPLYCHAIN<>Cadeia informada?
GUI-LABEL-CREATEGAME-DELIVERY-DELAY<>Tempo de entrega:
GUI-LABEL-CREATEGAME-INITIAL-STOCK<>Estoque inicial:
GUI-TITLE-CREATEGAME-SECURITY-BORDER<>Segurança
GUI-TITLE-CREATEGAME-DEMAND-BORDER<>Demanda
GUI-TITLE-CREATEGAME-COSTS-BORDER<>Custo/Lucro
GUI-TITLE-CREATEGAME-DURATION-BORDER<>Duração
GUI-TITLE-CREATEGAME-SUPPLYCHAIN-BORDER<>Topologia da cadeia
GUI-WARNING-CREATEGAME-FAILED<>Não foi possível criar um novo jogo. \n Pedimos desculpas pelo inconveniente. \n Se o problema persistir contate os desenvolvedores.
GUI-WARNING-CREATEGAME-FAILED-TITLE<>Erro durante a criação do jogo
GUI-ICON-RELOAD-BUTTON<>icon//reload_icon.png
GUI-ICON-TRASH-BUTTON<>icon//trash_icon.png
GUI-ICON-CONFIRM-BUTTON<>icon//whitecheckmark.png
GUI-ICON-CANCEL-BUTTON<>icon//white-close-70.png
GUI-ICON-DELETE-BUTTON<>icon//trash_icon.png
GUI-ICON-VIEW-BUTTON<>icon//view-file-20.png
GUI-ICON-RELOAD-BUTTON<>icon//reload_icon.png
GUI-ICON-LOCKED-BUTTON<>icon//close-lock-20.png
GUI-ICON-UNLOCKED-BUTTON<>icon//open-lock-20.png
GUI-ICON-ADVANCED-BUTTON<>icon//adv-icon.png
GUI-ICON-PLAY-BUTTON<>icon//play-icon.png
GUI-ICON-PAUSE-BUTTON<>icon//pause-icon.png
GUI-ICON-WEBREPORT-BUTTON<>icon//web-icon.png
DEMAND-PARAM-SINGLESTEP-INITIAL-VALUE<>Demanda inicial:
DEMAND-PARAM-SINGLESTEP-FINAL-VALUE<>Demanda final:
DEMAND-PARAM-SINGLESTEP-STEP-CHANGE-WEEK<>Semana da mudança:
DEMAND-PARAM-SINGLESTEP-FINAL-WEEK<>Duração:
DEMAND-TYPE-SINGLESTEP<>Degrau único
DEMAND-TYPE-UNKNOWN<>Desconhecido
SUPPLYCHAIN-TYPE-CLASSIC<>Cadeia clássica
SUPPLYCHAIN-TYPE-UNKNOWN<>Desconhecido
GUI-ICON-RETAILER<>icon//retailer.png
GUI-ICON-WHOLESALER<>icon//wholesaler.png
GUI-ICON-DISTRIBUTOR<>icon//distributor.png
GUI-ICON-PRODUCER<>icon//Industry.png
TITLE-REPORT-GENERAL-TAB<>Geral
TITLE-REPORT-RETAILER-TAB<>Varejista
TITLE-REPORT-WHOLESALER-TAB<>Atacadista
TITLE-REPORT-DISTRIBUTOR-TAB<>Distribuidor
TITLE-REPORT-PRODUCER-TAB<>Fabricante
TITLE-REPORT-UNKNOWN-TAB<>Desconhecido
TOOLTIP-MAINSCENE-HOME-TAB<>Tela inicial
TOOLTIP-MAINSCENE-CREATE-GAME-TAB<>Criar novo jogo
TOOLTIP-GAME-COMPONENT-LOAD-GAME<>Carregar jogo
TOOLTIP-GAME-COMPONENT-LOAD-REPO<>Carregar relatório
TOOLTIP-GAME-COMPONENT-REMOVE-GAME<>Apagar jogo
TOOLTIP-GAME-COMPONENT-REMOVE-REPO<>Apagar relatório
GUI-LABEL-INFORMATION-GAME-STATUS<>Status de jogo: 
IP-TEXT-BEGIN<>Endereço para jogadores: 
IP-TEXT-MIDDLE-IP-ERROR<>Erro ao buscar endereço. Porta usada: 
IP-TEXT-MIDDLE-DOTS<>:
IP-TEXT-END<> 